2026-10-08 02:33:40,835 [INFO] Chưa có data → fetch 90 ngày: 2026-07-10 → 2026-10-07
2026-10-08 02:33:41,255 [INFO] VCB: ✓ 64 dòng
2026-10-08 02:33:41,356 [INFO] VIC: ✓ 64 dòng
2026-10-08 02:33:41,482 [INFO] VHM: ✓ 64 dòng
2026-10-08 02:33:41,610 [INFO] HPG: ✓ 64 dòng
2026-10-08 02:33:41,729 [INFO] TCB: ✓ 64 dòng
2026-10-08 02:33:41,908 [INFO] MBB: ✓ 64 dòng
2026-10-08 02:33:42,057 [INFO] VNM: ✓ 64 dòng
2026-10-08 02:33:42,179 [INFO] FPT: ✓ 64 dòng
2026-10-08 02:33:42,342 [INFO] MSN: ✓ 64 dòng
2026-10-08 02:33:42,492 [INFO] BID: ✓ 64 dòng
2026-10-08 02:33:42,493 [INFO] === Xong: 10/10 tickers | 640 dòng mới ===
2026-10-08 11:13:20,086 [INFO] Data đã up-to-date (latest: 2026-10-07). Không có gì để fetch.
2026-10-09 11:12:53,689 [INFO] Fetch từ 2026-10-08 → 2026-10-08
2026-10-09 11:12:54,332 [INFO] VCB: ✓ 1 dòng
2026-10-09 11:12:54,515 [INFO] VIC: ✓ 1 dòng
2026-10-09 11:12:54,709 [INFO] VHM: ✓ 1 dòng
2026-10-09 11:12:54,915 [INFO] HPG: ✓ 1 dòng
2026-10-09 11:12:55,106 [INFO] TCB: ✓ 1 dòng
2026-10-09 11:12:55,317 [INFO] MBB: ✓ 1 dòng
2026-10-09 11:12:55,524 [INFO] VNM: ✓ 1 dòng
2026-10-09 11:12:55,806 [INFO] FPT: ✓ 1 dòng
2026-10-09 11:12:56,042 [INFO] MSN: ✓ 1 dòng
2026-10-09 11:12:56,294 [INFO] BID: ✓ 1 dòng
2026-10-09 11:12:56,294 [INFO] === Xong: 10/10 tickers | 10 dòng mới ===
